// Bun Snapshot v1, https://goo.gl/fbAQLP

exports[`Bookmark (Link) rendered DOM matches snapshot 1`] = `"<a href="https://example.com" title="Example"><img decoding="async" src="_favicon?size=16&amp;pageUrl=https%3A%2F%2Fexample.com">Example</a>"`;

exports[`Folder rendered DOM matches snapshot 1`] = `"<div class="f">Example</div>"`;
