// Bun Snapshot v1, https://goo.gl/fbAQLP

exports[`rendered DOM matches snapshot 1`] = `"<div id="b"><div class="f end">All Bookmarks</div></div>"`;
